// Jest Snapshot v1, https://goo.gl/fbAQLP

exports[`helloworld.groovy 1`] = `
println "Hello, World!"
~~~~~~~~~~~~~~~~~~~~~~~~~~~~~~~~~~~~~~~~~~~~~~~~~~~~~~~~~~~~~~~~~~~~~~~~~~~~~~~~
println "Hello, World!"

`;
